// Jest Snapshot v1, https://goo.gl/fbAQLP

exports[`Given An User service When a request to delete an user is made Then it should return the right status 1`] = `""`;
